// Jest Snapshot v1, https://goo.gl/fbAQLP

exports[`Testing the 'About' component matches snapshot DOM node structure 1`] = `
<DocumentFragment>
  <section
    class="my-5"
  >
    <h1>
      Who am I? A figment of your imagination.
    </h1>
    <img
      alt="cover"
      class="my-2"
      src="cover-image.jpg"
      style="width: 100%;"
    />
  </section>
</DocumentFragment>
`;
